---
source: crates/aegis-tui/tests/tui_snapshots.rs
expression: frame
---
"gemini-2.0-flash                                                                "
"| You: What does main.rs do?                                                    "
"                                                                                "
"| The main.rs file initializes the application, sets up the TUI, and starts the "
"event loop.                                                                     "
"                                                                                "
"                                                                                "
"                                                                                "
"                                                                                "
"                                                                                "
"                                                                                "
"                                                                                "
"                                                                                "
"                                                                                "
"                                                                                "
"                                                                                "
"                                                                                "
"                                                                                "
"                                                                                "
"                                                                                "
"                                                                                "
"────────────────────────────────────────────────────────────────────────────────"
">                                                                               "
" INSERT   Ctrl+O newline | Enter: send | Esc: normal mode                       "
