---
source: crates/aegis-tui/tests/tui_snapshots.rs
assertion_line: 26
expression: frame
---
"gemini-2.0-flash                                                                "
"                                                                                "
"                                                                                "
"                                                                                "
"                                                                                "
"                                                                                "
"                                                                                "
"                                                                                "
"                                                                                "
"                                                                                "
"                                                                                "
"                                                                                "
"                                                                                "
"                                                                                "
"                                                                                "
"                                                                                "
"                                                                                "
"                                                                                "
"                                                                                "
"                                                                                "
"                                                                                "
" > ─────────────────────────────────────────────────────────────────────────────"
"                                                                                "
"                                                                                "
