---
source: crates/aegis-tui/tests/tui_snapshots.rs
expression: frame
---
"gemini-2.0-flash | STREAMING Thinking.                                          "
"▌ You: Summarize this file                                                      "
"                                                                                "
"The file contains several important functions that... ...                       "
"                                                                                "
"                                                                                "
"                                                                                "
"                                                                                "
"                                                                                "
"                                                                                "
"                                                                                "
"                                                                                "
"                                                                                "
"                                                                                "
"                                                                                "
"                                                                                "
"                                                                                "
"                                                                                "
"                                                                                "
"                                                                                "
"                                                                                "
"────────────────────────────────────────────────────────────────────────────────"
">                                                                               "
" INSERT   Ctrl+O newline | Enter: send | Esc: normal mode                       "
