---
source: crates/aegis-tui/tests/tui_snapshots.rs
expression: frame
---
"gemini-2.0-flash                                                                "
"| ────────────────────────────────────────────────────────────────────────────  "
"|   Commands: /clear /help /context /quit                                       "
"| ────────────────────────────────────────────────────────────────────────────  "
"                                                                                "
"                                                                                "
"                                                                                "
"                                                                                "
"                                                                                "
"                                                                                "
"                                                                                "
"                                                                                "
"                                                                                "
"                                                                                "
"                                                                                "
"                                                                                "
"                                                                                "
"                                                                                "
"                                                                                "
"                                                                                "
"                                                                                "
"────────────────────────────────────────────────────────────────────────────────"
">                                                                               "
" INSERT   Ctrl+O newline | Enter: send | Esc: normal mode                       "
