---
source: crates/aegis-tui/tests/tui_snapshots.rs
expression: frame
---
"gemini-2.0-flash                                                                "
"| You: Explain the architecture of this codebase                                "
"                                                                                "
"                                                                                "
"                                                                                "
"                                                                                "
"                                                                                "
"                                                                                "
"                                                                                "
"                                                                                "
"                                                                                "
"                                                                                "
"                                                                                "
"                                                                                "
"                                                                                "
"                                                                                "
"                                                                                "
"                                                                                "
"                                                                                "
"                                                                                "
"                                                                                "
"────────────────────────────────────────────────────────────────────────────────"
">                                                                               "
" INSERT   Ctrl+O newline | Enter: send | Esc: normal mode                       "
