---
source: crates/aegis-tui/tests/tui_snapshots.rs
expression: frame
---
"gemini-2.0-flash | STREAMING Thinking.                                          "
"You: Summarize this file                                                        "
"                                                                                "
"The file contains several important functions that... ...                       "
"                                                                                "
"                                                                                "
"                                                                                "
"                                                                                "
"                                                                                "
"                                                                                "
"                                                                                "
"                                                                                "
"                                                                                "
"                                                                                "
"                                                                                "
"                                                                                "
"                                                                                "
"                                                                                "
"                                                                                "
"                                                                                "
"                                                                                "
"--------------------------------------------------------------------------------"
">                                                                               "
" INSERT   Enter send | Ctrl+O newline | Esc vim                                 "
