---
source: crates/aegis-tui/tests/tui_snapshots.rs
expression: frame
---
"llama3-il5                                        [tokens in: 1.5k | out: 3.2k] "
"done                                                                            "
"                                                                                "
"                                                                                "
"                                                                                "
"                                                                                "
"                                                                                "
"                                                                                "
"                                                                                "
"                                                                                "
"                                                                                "
"                                                                                "
"                                                                                "
"                                                                                "
"                                                                                "
"                                                                                "
"                                                                                "
"                                                                                "
"                                                                                "
"                                                                                "
"                                                                                "
"--------------------------------------------------------------------------------"
">                                                                               "
" INSERT   Enter send | Ctrl+O newline | Esc vim                                 "
