---
source: crates/aegis-tui/tests/tui_snapshots.rs
expression: frame
---
"gemini-2.0-flash                                                                "
"| You: Run the tests                                                            "
"                                                                                "
"| Connection timed out: provider unreachable                                    "
"                                                                                "
"                                                                                "
"                                                                                "
"                                                                                "
"                                                                                "
"                                                                                "
"                                                                                "
"                                                                                "
"                                                                                "
"                                                                                "
"                                                                                "
"                                                                                "
"                                                                                "
"                                                                                "
"                                                                                "
"                                                                                "
"                                                                                "
"────────────────────────────────────────────────────────────────────────────────"
">                                                                               "
" INSERT   Ctrl+O newline | Enter: send | Esc: normal mode                       "
