---
source: crates/aegis-tui/tests/tui_harness.rs
assertion_line: 118
expression: frame
---
"llama3-il5                                                                      "
"                                                                                "
"                                                                                "
"                                                                                "
"                                                                                "
"                                                                                "
"                                                                                "
"                                                                                "
"                                                                                "
"                                                                                "
"                                                                                "
"                                                                                "
"                                                                                "
"                                                                                "
"                                                                                "
"                                                                                "
"                                                                                "
" > ─────────────────────────────────────────────────────────────────────────────"
"                                                                                "
"                                                                                "
